// Vitest Snapshot v1, https://vitest.dev/guide/snapshot.html

exports[`test/index.test.ts > supports snaptshot testing 1`] = `"foobar"`;
